#
# There is insufficient memory for the Java Runtime Environment to continue.
# Native memory allocation (malloc) failed to allocate 1048576 bytes. Error detail: AllocateHeap
# Possible reasons:
#   The system is out of physical RAM or swap space
#   This process is running with CompressedOops enabled, and the Java Heap may be blocking the growth of the native heap
# Possible solutions:
#   Reduce memory load on the system
#   Increase physical memory or swap space
#   Check if swap backing store is full
#   Decrease Java heap size (-Xmx/-Xms)
#   Decrease number of Java threads
#   Decrease Java thread stack sizes (-Xss)
#   Set larger code cache with -XX:ReservedCodeCacheSize=
#   JVM is running with Unscaled Compressed Oops mode in which the Java heap is
#     placed in the first 4GB address space. The Java Heap base address is the
#     maximum limit for the native heap growth. Please use -XX:HeapBaseMinAddress
#     to set the Java Heap base and to place the Java Heap above 4GB virtual address.
# This output file may be truncated or incomplete.
#
#  Out of Memory Error (allocation.cpp:44), pid=25436, tid=19760
#
# JRE version: OpenJDK Runtime Environment Temurin-21.0.11+10 (21.0.11+10) (build 21.0.11+10-LTS)
# Java VM: OpenJDK 64-Bit Server VM Temurin-21.0.11+10 (21.0.11+10-LTS, mixed mode, sharing, tiered, compressed oops, compressed class ptrs, parallel gc, windows-amd64)
# No core dump will be written. Minidumps are not enabled by default on client versions of Windows
#

---------------  S U M M A R Y ------------

Command Line: --add-modules=ALL-SYSTEM --add-opens=java.base/java.util=ALL-UNNAMED --add-opens=java.base/java.lang=ALL-UNNAMED --add-opens=java.base/sun.nio.fs=ALL-UNNAMED -Declipse.application=org.eclipse.jdt.ls.core.id1 -Dosgi.bundles.defaultStartLevel=4 -Declipse.product=org.eclipse.jdt.ls.core.product -Djava.import.generatesMetadataFilesAtProjectRoot=false -DDetectVMInstallationsJob.disabled=true -Dfile.encoding=utf8 -XX:+UseParallelGC -XX:GCTimeRatio=4 -XX:AdaptiveSizePolicyWeight=90 -Dsun.zip.disableMemoryMapping=true -Xmx2G -Xms100m -Xlog:disable -javaagent:c:\Users\asus\.vscode\extensions\redhat.java-1.55.0-win32-x64\lombok\lombok-1.18.39-4050.jar -XX:+HeapDumpOnOutOfMemoryError -XX:HeapDumpPath=c:\Users\asus\AppData\Roaming\Code\User\workspaceStorage\fdd3315e1c0dd2a9ded1ee01f02ba195\redhat.java -Daether.dependencyCollector.impl=bf c:\Users\asus\.vscode\extensions\redhat.java-1.55.0-win32-x64\server\plugins\org.eclipse.equinox.launcher_1.7.200.v20260619-2039.jar -configuration c:\Users\asus\AppData\Roaming\Code\User\globalStorage\redhat.java\1.55.0\config_win -data c:\Users\asus\AppData\Roaming\Code\User\workspaceStorage\fdd3315e1c0dd2a9ded1ee01f02ba195\redhat.java\jdt_ws --pipe=\\.\pipe\lsp-0eefe20b366be81c91b5c4e6440df1c4-sock

Host: 13th Gen Intel(R) Core(TM) i7-13620H, 16 cores, 15G,  Windows 11 , 64 bit Build 26100 (10.0.26100.8521)
Time: Thu Jul  2 10:23:02 2026 SE Asia Standard Time elapsed time: 4327.928401 seconds (0d 1h 12m 7s)

---------------  T H R E A D  ---------------

Current thread (0x0000011926dd8f10):  JavaThread "Attach Listener" daemon [_thread_in_vm, id=19760, stack(0x000000088d300000,0x000000088d400000) (1024K)]

Stack: [0x000000088d300000,0x000000088d400000]
Native frames: (J=compiled Java code, j=interpreted, Vv=VM code, C=native code)
V  [jvm.dll+0x6d7e19]
V  [jvm.dll+0x8b5096]
V  [jvm.dll+0x8b764e]
V  [jvm.dll+0x8b7d33]
V  [jvm.dll+0x284596]
V  [jvm.dll+0xc13c7]
V  [jvm.dll+0x6d86c9]
V  [jvm.dll+0x133616]
V  [jvm.dll+0x3f868e]
V  [jvm.dll+0x85fb0d]
V  [jvm.dll+0x6d664d]
C  [ucrtbase.dll+0x2cd30]
C  [KERNEL32.DLL+0x2e957]
C  [ntdll.dll+0x87c1c]


---------------  P R O C E S S  ---------------

Threads class SMR info:
_java_thread_list=0x0000011907c923d0, length=69, elements={
0x0000011924ad60d0, 0x0000011926dc93a0, 0x0000011926eebfc0, 0x0000011926dd5450,
0x0000011926dd8f10, 0x0000011926ddbd00, 0x0000011926ddb670, 0x0000011926ddd760,
0x000001197fc75490, 0x0000011926ddafe0, 0x0000011926dd9c30, 0x0000011926ddc390,
0x0000011926dd95a0, 0x0000011926dda2c0, 0x0000011926dda950, 0x0000011906884440,
0x0000011906885160, 0x0000011906884ad0, 0x0000011906883db0, 0x0000011906885e80,
0x00000119068878c0, 0x0000011906886ba0, 0x0000011906889990, 0x0000011906887f50,
0x0000011906888c70, 0x00000119068885e0, 0x0000011906887230, 0x000001190a068910,
0x000001190a068280, 0x000001190a067560, 0x000001190a068fa0, 0x000001190a06a9e0,
0x000001190a069630, 0x000001190a069cc0, 0x000001190a06b070, 0x000001190a06a350,
0x000001190a067bf0, 0x000001190a06eb80, 0x000001190a06e4f0, 0x000001190a06d140,
0x000001190ab89790, 0x000001190b729900, 0x000001190b728550, 0x000001190b727830,
0x0000011906882370, 0x0000011906886510, 0x000001190b7271a0, 0x000001190b726480,
0x000001190b727ec0, 0x000001190b724a40, 0x000001190b729f90, 0x000001190b72a620,
0x000001190ab876c0, 0x000001190ab883e0, 0x000001190ab8a4b0, 0x000001190ab8b1d0,
0x000001190ab8b860, 0x000001190ab8bef0, 0x000001190ab848d0, 0x000001190ab87d50,
0x00000119072fab10, 0x00000119072fb1a0, 0x00000119072fc550, 0x00000119072f90d0,
0x00000119072f9760, 0x0000011906882a00, 0x0000011906889300, 0x00000119099893f0,
0x000001190998c1e0
}

Java Threads: ( => current thread )
  0x0000011924ad60d0 JavaThread "main"                              [_thread_blocked, id=25396, stack(0x000000088cc00000,0x000000088cd00000) (1024K)]
  0x0000011926dc93a0 JavaThread "Reference Handler"          daemon [_thread_blocked, id=17116, stack(0x000000088d000000,0x000000088d100000) (1024K)]
  0x0000011926eebfc0 JavaThread "Finalizer"                  daemon [_thread_blocked, id=16740, stack(0x000000088d100000,0x000000088d200000) (1024K)]
  0x0000011926dd5450 JavaThread "Signal Dispatcher"          daemon [_thread_blocked, id=2784, stack(0x000000088d200000,0x000000088d300000) (1024K)]
=>0x0000011926dd8f10 JavaThread "Attach Listener"            daemon [_thread_in_vm, id=19760, stack(0x000000088d300000,0x000000088d400000) (1024K)]
  0x0000011926ddbd00 JavaThread "Service Thread"             daemon [_thread_blocked, id=28368, stack(0x000000088d400000,0x000000088d500000) (1024K)]
  0x0000011926ddb670 JavaThread "Monitor Deflation Thread"   daemon [_thread_blocked, id=19660, stack(0x000000088d500000,0x000000088d600000) (1024K)]
  0x0000011926ddd760 JavaThread "C2 CompilerThread0"         daemon [_thread_blocked, id=2748, stack(0x000000088d600000,0x000000088d700000) (1024K)]
  0x000001197fc75490 JavaThread "C1 CompilerThread0"         daemon [_thread_blocked, id=27956, stack(0x000000088d700000,0x000000088d800000) (1024K)]
  0x0000011926ddafe0 JavaThread "Common-Cleaner"             daemon [_thread_blocked, id=13396, stack(0x000000088d900000,0x000000088da00000) (1024K)]
  0x0000011926dd9c30 JavaThread "Notification Thread"        daemon [_thread_blocked, id=16136, stack(0x000000088dd00000,0x000000088de00000) (1024K)]
  0x0000011926ddc390 JavaThread "Active Thread: Equinox Container: 89a68b48-9139-4d25-bb4a-7d5d3faed536"        [_thread_blocked, id=16408, stack(0x000000088e600000,0x000000088e700000) (1024K)]
  0x0000011926dd95a0 JavaThread "Refresh Thread: Equinox Container: 89a68b48-9139-4d25-bb4a-7d5d3faed536" daemon [_thread_blocked, id=13288, stack(0x000000088e800000,0x000000088e900000) (1024K)]
  0x0000011926dda2c0 JavaThread "Framework Event Dispatcher: Equinox Container: 89a68b48-9139-4d25-bb4a-7d5d3faed536" daemon [_thread_blocked, id=248, stack(0x000000088e900000,0x000000088ea00000) (1024K)]
  0x0000011926dda950 JavaThread "Start Level: Equinox Container: 89a68b48-9139-4d25-bb4a-7d5d3faed536" daemon [_thread_blocked, id=8524, stack(0x000000088ea00000,0x000000088eb00000) (1024K)]
  0x0000011906884440 JavaThread "Bundle File Closer"         daemon [_thread_blocked, id=19704, stack(0x000000088ee00000,0x000000088ef00000) (1024K)]
  0x0000011906885160 JavaThread "SCR Component Actor"        daemon [_thread_blocked, id=15668, stack(0x000000088db00000,0x000000088dc00000) (1024K)]
  0x0000011906884ad0 JavaThread "Worker-JM"                         [_thread_blocked, id=7740, stack(0x000000088f000000,0x000000088f100000) (1024K)]
  0x0000011906883db0 JavaThread "Java indexing"              daemon [_thread_blocked, id=11296, stack(0x000000088f500000,0x000000088f600000) (1024K)]
  0x0000011906885e80 JavaThread "JNA Cleaner"                daemon [_thread_blocked, id=27660, stack(0x000000088fd00000,0x000000088fe00000) (1024K)]
  0x00000119068878c0 JavaThread "Thread-1"                   daemon [_thread_in_native, id=23876, stack(0x0000000890100000,0x0000000890200000) (1024K)]
  0x0000011906886ba0 JavaThread "Thread-2"                   daemon [_thread_in_native, id=22816, stack(0x0000000890200000,0x0000000890300000) (1024K)]
  0x0000011906889990 JavaThread "Thread-3"                   daemon [_thread_in_native, id=19424, stack(0x0000000890300000,0x0000000890400000) (1024K)]
  0x0000011906887f50 JavaThread "Thread-4"                   daemon [_thread_in_native, id=22388, stack(0x0000000890400000,0x0000000890500000) (1024K)]
  0x0000011906888c70 JavaThread "Thread-5"                   daemon [_thread_in_native, id=17384, stack(0x0000000890500000,0x0000000890600000) (1024K)]
  0x00000119068885e0 JavaThread "Thread-6"                   daemon [_thread_in_native, id=24048, stack(0x0000000890600000,0x0000000890700000) (1024K)]
  0x0000011906887230 JavaThread "Thread-7"                   daemon [_thread_in_native, id=13992, stack(0x0000000890700000,0x0000000890800000) (1024K)]
  0x000001190a068910 JavaThread "Thread-8"                   daemon [_thread_in_native, id=22408, stack(0x0000000890800000,0x0000000890900000) (1024K)]
  0x000001190a068280 JavaThread "Thread-9"                   daemon [_thread_in_native, id=27288, stack(0x0000000890900000,0x0000000890a00000) (1024K)]
  0x000001190a067560 JavaThread "Thread-10"                  daemon [_thread_in_native, id=13556, stack(0x0000000890a00000,0x0000000890b00000) (1024K)]
  0x000001190a068fa0 JavaThread "Thread-11"                  daemon [_thread_in_native, id=10544, stack(0x0000000890b00000,0x0000000890c00000) (1024K)]
  0x000001190a06a9e0 JavaThread "Thread-12"                  daemon [_thread_in_native, id=28340, stack(0x0000000890c00000,0x0000000890d00000) (1024K)]
  0x000001190a069630 JavaThread "Thread-13"                  daemon [_thread_in_native, id=9272, stack(0x0000000890d00000,0x0000000890e00000) (1024K)]
  0x000001190a069cc0 JavaThread "Thread-14"                  daemon [_thread_in_native, id=9804, stack(0x0000000890e00000,0x0000000890f00000) (1024K)]
  0x000001190a06b070 JavaThread "Thread-15"                  daemon [_thread_in_native, id=27920, stack(0x0000000890f00000,0x0000000891000000) (1024K)]
  0x000001190a06a350 JavaThread "Thread-16"                  daemon [_thread_in_native, id=24636, stack(0x0000000891000000,0x0000000891100000) (1024K)]
  0x000001190a067bf0 JavaThread "Thread-17"                  daemon [_thread_in_native, id=7176, stack(0x0000000891100000,0x0000000891200000) (1024K)]
  0x000001190a06eb80 JavaThread "pool-2-thread-1"                   [_thread_blocked, id=7516, stack(0x0000000891200000,0x0000000891300000) (1024K)]
  0x000001190a06e4f0 JavaThread "WorkspaceEventsHandler"            [_thread_blocked, id=8308, stack(0x0000000891400000,0x0000000891500000) (1024K)]
  0x000001190a06d140 JavaThread "pool-1-thread-1"                   [_thread_blocked, id=16080, stack(0x0000000891500000,0x0000000891600000) (1024K)]
  0x000001190ab89790 JavaThread "Cleaner-0"                  daemon [_thread_blocked, id=5760, stack(0x000000088fc00000,0x000000088fd00000) (1024K)]
  0x000001190b729900 JavaThread "Java Debug Server"          daemon [_thread_in_native, id=10524, stack(0x000000088f300000,0x000000088f400000) (1024K)]
  0x000001190b728550 JavaThread "RxSchedulerPurge-1"         daemon [_thread_blocked, id=5600, stack(0x000000088f600000,0x000000088f700000) (1024K)]
  0x000001190b727830 JavaThread "RxCachedWorkerPoolEvictor-1" daemon [_thread_blocked, id=22312, stack(0x000000088f700000,0x000000088f800000) (1024K)]
  0x0000011906882370 JavaThread "ForkJoinPool.commonPool-worker-27" daemon [_thread_blocked, id=5036, stack(0x000000088c900000,0x000000088ca00000) (1024K)]
  0x0000011906886510 JavaThread "Worker-18"                         [_thread_blocked, id=16552, stack(0x000000088d800000,0x000000088d900000) (1024K)]
  0x000001190b7271a0 JavaThread "PatternSearchJob-worker-7"  daemon [_thread_blocked, id=15696, stack(0x000000088f400000,0x000000088f500000) (1024K)]
  0x000001190b726480 JavaThread "PatternSearchJob-worker-8"  daemon [_thread_blocked, id=9360, stack(0x000000088f800000,0x000000088f900000) (1024K)]
  0x000001190b727ec0 JavaThread "Compiler Source File Reader" daemon [_thread_blocked, id=23180, stack(0x000000088f900000,0x000000088fa00000) (1024K)]
  0x000001190b724a40 JavaThread "Compiler Source File Reader" daemon [_thread_blocked, id=18476, stack(0x000000088fa00000,0x000000088fb00000) (1024K)]
  0x000001190b729f90 JavaThread "Compiler Source File Reader" daemon [_thread_blocked, id=14072, stack(0x000000088fe00000,0x000000088ff00000) (1024K)]
  0x000001190b72a620 JavaThread "Worker-19"                         [_thread_blocked, id=19008, stack(0x000000088ff00000,0x0000000890000000) (1024K)]
  0x000001190ab876c0 JavaThread "Compiler Source File Reader" daemon [_thread_blocked, id=24196, stack(0x0000000891600000,0x0000000891700000) (1024K)]
  0x000001190ab883e0 JavaThread "Compiler Source File Reader" daemon [_thread_blocked, id=19860, stack(0x0000000891700000,0x0000000891800000) (1024K)]
  0x000001190ab8a4b0 JavaThread "pool-3-thread-4"                   [_thread_in_native, id=4796, stack(0x0000000891300000,0x0000000891400000) (1024K)]
  0x000001190ab8b1d0 JavaThread "RxNewThreadScheduler-9"     daemon [_thread_blocked, id=24624, stack(0x0000000891800000,0x0000000891900000) (1024K)]
  0x000001190ab8b860 JavaThread "Packet Receive Manager"     daemon [_thread_in_native, id=24592, stack(0x0000000891900000,0x0000000891a00000) (1024K)]
  0x000001190ab8bef0 JavaThread "Packet Send Manager"        daemon [_thread_blocked, id=21680, stack(0x0000000891a00000,0x0000000891b00000) (1024K)]
  0x000001190ab848d0 JavaThread "Event Hub"                  daemon [_thread_blocked, id=13816, stack(0x000000088fb00000,0x000000088fc00000) (1024K)]
  0x000001190ab87d50 JavaThread "ForkJoinPool.commonPool-worker-30" daemon [_thread_blocked, id=25384, stack(0x000000088ca00000,0x000000088cb00000) (1024K)]
  0x00000119072fab10 JavaThread "Compiler Source File Reader" daemon [_thread_blocked, id=26648, stack(0x000000088cb00000,0x000000088cc00000) (1024K)]
  0x00000119072fb1a0 JavaThread "Compiler Processing Task"   daemon [_thread_blocked, id=26096, stack(0x000000088dc00000,0x000000088dd00000) (1024K)]
  0x00000119072fc550 JavaThread "ForkJoinPool.commonPool-worker-31" daemon [_thread_blocked, id=816, stack(0x0000000891b00000,0x0000000891c00000) (1024K)]
  0x00000119072f90d0 JavaThread "ForkJoinPool.commonPool-worker-32" daemon [_thread_blocked, id=13036, stack(0x0000000891c00000,0x0000000891d00000) (1024K)]
  0x00000119072f9760 JavaThread "Worker-20"                         [_thread_blocked, id=7328, stack(0x0000000891d00000,0x0000000891e00000) (1024K)]
  0x0000011906882a00 JavaThread "Compiler Source File Reader" daemon [_thread_blocked, id=1984, stack(0x0000000891e00000,0x0000000891f00000) (1024K)]
  0x0000011906889300 JavaThread "Compiler Source File Reader" daemon [_thread_blocked, id=25472, stack(0x000000088de00000,0x000000088df00000) (1024K)]
  0x00000119099893f0 JavaThread "Compiler Source File Reader" daemon [_thread_blocked, id=13680, stack(0x0000000892000000,0x0000000892100000) (1024K)]
  0x000001190998c1e0 JavaThread "Compiler Source File Reader" daemon [_thread_blocked, id=14868, stack(0x0000000891f00000,0x0000000892000000) (1024K)]
Total: 69

Other Threads:
  0x0000011926dc4ac0 VMThread "VM Thread"                           [id=24756, stack(0x000000088cf00000,0x000000088d000000) (1024K)]
  0x0000011926cbca00 WatcherThread "VM Periodic Task Thread"        [id=1308, stack(0x000000088ce00000,0x000000088cf00000) (1024K)]
  0x0000011926e57ae0 WorkerThread "GC Thread#0"                     [id=14032, stack(0x000000088cd00000,0x000000088ce00000) (1024K)]
  0x000001190189f160 WorkerThread "GC Thread#1"                     [id=23192, stack(0x000000088df00000,0x000000088e000000) (1024K)]
  0x000001190189a4b0 WorkerThread "GC Thread#2"                     [id=8276, stack(0x000000088e000000,0x000000088e100000) (1024K)]
  0x000001190189a860 WorkerThread "GC Thread#3"                     [id=16620, stack(0x000000088e100000,0x000000088e200000) (1024K)]
  0x0000011901cd9670 WorkerThread "GC Thread#4"                     [id=23012, stack(0x000000088e200000,0x000000088e300000) (1024K)]
  0x0000011901cd9a20 WorkerThread "GC Thread#5"                     [id=10216, stack(0x000000088e300000,0x000000088e400000) (1024K)]
  0x0000011901cd9dd0 WorkerThread "GC Thread#6"                     [id=2644, stack(0x000000088e400000,0x000000088e500000) (1024K)]
  0x000001190609dca0 WorkerThread "GC Thread#7"                     [id=16984, stack(0x000000088e700000,0x000000088e800000) (1024K)]
  0x0000011906506870 WorkerThread "GC Thread#8"                     [id=22736, stack(0x000000088eb00000,0x000000088ec00000) (1024K)]
  0x0000011906661ee0 WorkerThread "GC Thread#9"                     [id=15344, stack(0x000000088ec00000,0x000000088ed00000) (1024K)]
  0x0000011906662290 WorkerThread "GC Thread#10"                    [id=18532, stack(0x000000088ed00000,0x000000088ee00000) (1024K)]
  0x0000011906bcdf10 WorkerThread "GC Thread#11"                    [id=25872, stack(0x000000088e500000,0x000000088e600000) (1024K)]
  0x0000011906bce2c0 WorkerThread "GC Thread#12"                    [id=2352, stack(0x000000088ef00000,0x000000088f000000) (1024K)]
Total: 15

Threads with active compile tasks:
Total: 0

VM state: not at safepoint (normal execution)

VM Mutex/Monitor currently owned by a thread: None

Heap address: 0x0000000080000000, size: 2048 MB, Compressed Oops mode: 32-bit

CDS archive(s) mapped at: [0x000001193e000000-0x000001193eba0000-0x000001193eba0000), size 12189696, SharedBaseAddress: 0x000001193e000000, ArchiveRelocationMode: 1.
Compressed class space mapped at: 0x000001193f000000-0x000001197f000000, reserved size: 1073741824
Narrow klass base: 0x000001193e000000, Narrow klass shift: 0, Narrow klass range: 0x100000000

GC Precious Log:
 CardTable entry size: 512
 CPUs: 16 total, 16 available
 Memory: 16034M
 Large Page Support: Disabled
 NUMA Support: Disabled
 Compressed Oops: Enabled (32-bit)
 Alignments: Space 512K, Generation 512K, Heap 2M
 Heap Min Capacity: 100M
 Heap Initial Capacity: 100M
 Heap Max Capacity: 2G
 Pre-touch: Disabled
 Parallel Workers: 13

Heap:
 PSYoungGen      total 4096K, used 1235K [0x00000000d5580000, 0x00000000d5a00000, 0x0000000100000000)
  eden space 3072K, 27% used [0x00000000d5580000,0x00000000d5654e00,0x00000000d5880000)
  from space 1024K, 37% used [0x00000000d5880000,0x00000000d58e0000,0x00000000d5980000)
  to   space 512K, 0% used [0x00000000d5980000,0x00000000d5980000,0x00000000d5a00000)
 ParOldGen       total 1111040K, used 253784K [0x0000000080000000, 0x00000000c3d00000, 0x00000000d5580000)
  object space 1111040K, 22% used [0x0000000080000000,0x000000008f7d6020,0x00000000c3d00000)
 Metaspace       used 87924K, committed 89536K, reserved 1179648K
  class space    used 9317K, committed 10048K, reserved 1048576K

Card table byte_map: [0x00000119267d0000,0x0000011926be0000] _byte_map_base: 0x00000119263d0000

Marking Bits: (ParMarkBitMap*) 0x00007ff84b964460
 Begin Bits: [0x00000119392e0000, 0x000001193b2e0000)
 End Bits:   [0x000001193b2e0000, 0x000001193d2e0000)

Polling page: 0x0000011924c90000

Metaspace:

Usage:
  Non-class:     76.76 MB used.
      Class:      9.10 MB used.
       Both:     85.86 MB used.

Virtual space:
  Non-class space:      128.00 MB reserved,      77.62 MB ( 61%) committed,  2 nodes.
      Class space:        1.00 GB reserved,       9.81 MB ( <1%) committed,  1 nodes.
             Both:        1.12 GB reserved,      87.44 MB (  8%) committed. 

Chunk freelists:
   Non-Class:  2.14 MB
       Class:  6.22 MB
        Both:  8.35 MB

MaxMetaspaceSize: unlimited
CompressedClassSpaceSize: 1.00 GB
Initial GC threshold: 21.00 MB
Current GC threshold: 135.88 MB
CDS: on
 - commit_granule_bytes: 65536.
 - commit_granule_words: 8192.
 - virtual_space_node_default_size: 8388608.
 - enlarge_chunks_in_place: 1.
 - use_allocation_guard: 0.


Internal statistics:

num_allocs_failed_limit: 9.
num_arena_births: 1630.
num_arena_deaths: 294.
num_vsnodes_births: 3.
num_vsnodes_deaths: 0.
num_space_committed: 1399.
num_space_uncommitted: 0.
num_chunks_returned_to_freelist: 338.
num_chunks_taken_from_freelist: 5943.
num_chunk_merges: 76.
num_chunk_splits: 3494.
num_chunks_enlarged: 1925.
num_inconsistent_stats: 0.

CodeHeap 'non-profiled nmethods': size=119168Kb used=16162Kb max_used=16162Kb free=103005Kb
 bounds [0x0000011931bd0000, 0x0000011932ba0000, 0x0000011939030000]
CodeHeap 'profiled nmethods': size=119104Kb used=41100Kb max_used=41100Kb free=78003Kb
 bounds [0x000001192a030000, 0x000001192c860000, 0x0000011931480000]
CodeHeap 'non-nmethods': size=7488Kb used=1531Kb max_used=3279Kb free=5956Kb
 bounds [0x0000011931480000, 0x00000119317c0000, 0x0000011931bd0000]
CodeCache: size=245760Kb, used=58793Kb, max_used=60541Kb, free=186964Kb
 total_blobs=16910, nmethods=16055, adapters=759, full_count=0
Compilation: enabled, stopped_count=0, restarted_count=0

Compilation events (20 events):
Event: 4326.796 Thread 0x0000011926ddd760 17645       4       org.eclipse.jdt.core.dom.TypeBinding::getName (510 bytes)
Event: 4326.823 Thread 0x000001197fc75490 17646       3       org.eclipse.jdt.internal.compiler.parser.SourceTypeConverter::convertAnnotations (151 bytes)
Event: 4326.824 Thread 0x000001197fc75490 nmethod 17646 0x000001192c84aa10 code [0x000001192c84ac80, 0x000001192c84b9a0]
Event: 4326.824 Thread 0x000001197fc75490 17647   !   3       lombok.launch.PatchFixesHider$PatchFixes::convertAnnotations (215 bytes)
Event: 4326.825 Thread 0x000001197fc75490 nmethod 17647 0x000001192c84be90 code [0x000001192c84c180, 0x000001192c84d260]
Event: 4326.827 Thread 0x000001197fc75490 17649       3       org.eclipse.jdt.internal.compiler.parser.Parser::consumeReduceImports (59 bytes)
Event: 4326.827 Thread 0x000001197fc75490 nmethod 17649 0x000001192c84d910 code [0x000001192c84dac0, 0x000001192c84dea0]
Event: 4326.830 Thread 0x000001197fc75490 17651       3       org.eclipse.jdt.internal.compiler.lookup.LookupEnvironment::reset (197 bytes)
Event: 4326.831 Thread 0x000001197fc75490 nmethod 17651 0x000001192c84e010 code [0x000001192c84e300, 0x000001192c84f370]
Event: 4326.831 Thread 0x000001197fc75490 17652       3       org.eclipse.jdt.internal.compiler.ClassFilePool::reset (9 bytes)
Event: 4326.832 Thread 0x000001197fc75490 nmethod 17652 0x000001192c84f910 code [0x000001192c84fac0, 0x000001192c84fc08]
Event: 4326.832 Thread 0x000001197fc75490 17653       3       org.eclipse.jdt.internal.compiler.lookup.TypeSystem::reset (43 bytes)
Event: 4326.832 Thread 0x000001197fc75490 nmethod 17653 0x000001192c84fc90 code [0x000001192c84fea0, 0x000001192c8503d0]
Event: 4326.835 Thread 0x0000011926ddd760 nmethod 17645 0x0000011932b92b90 code [0x0000011932b92ee0, 0x0000011932b94480]
Event: 4326.835 Thread 0x0000011926ddd760 17648   !   4       org.eclipse.jdt.internal.core.SearchableEnvironment::find (393 bytes)
Event: 4326.868 Thread 0x0000011926ddd760 nmethod 17648 0x0000011932b95210 code [0x0000011932b95660, 0x0000011932b96f00]
Event: 4326.868 Thread 0x0000011926ddd760 17650       4       org.eclipse.jdt.internal.compiler.lookup.CompilationUnitScope::recordTypeReference (35 bytes)
Event: 4326.870 Thread 0x0000011926ddd760 nmethod 17650 0x0000011932b98510 code [0x0000011932b986c0, 0x0000011932b988c0]
Event: 4326.892 Thread 0x000001197fc75490 17654       3       org.eclipse.core.internal.dtree.DeltaDataTree::compareWith (92 bytes)
Event: 4326.894 Thread 0x000001197fc75490 nmethod 17654 0x000001192c850590 code [0x000001192c850a20, 0x000001192c852670]

GC Heap History (20 events):
Event: 4312.938 GC heap before
{Heap before GC invocations=1082 (full 4):
 PSYoungGen      total 1536K, used 1091K [0x00000000d5580000, 0x00000000d5c00000, 0x0000000100000000)
  eden space 512K, 99% used [0x00000000d5580000,0x00000000d55ffff0,0x00000000d5600000)
  from space 1024K, 56% used [0x00000000d5600000,0x00000000d5691000,0x00000000d5700000)
  to   space 2560K, 0% used [0x00000000d5980000,0x00000000d5980000,0x00000000d5c00000)
 ParOldGen       total 1111040K, used 247050K [0x0000000080000000, 0x00000000c3d00000, 0x00000000d5580000)
  object space 1111040K, 22% used [0x0000000080000000,0x000000008f142910,0x00000000c3d00000)
 Metaspace       used 87844K, committed 89472K, reserved 1179648K
  class space    used 9316K, committed 10048K, reserved 1048576K
}
Event: 4312.939 GC heap after
{Heap after GC invocations=1082 (full 4):
 PSYoungGen      total 2048K, used 776K [0x00000000d5580000, 0x00000000d5a80000, 0x0000000100000000)
  eden space 1024K, 0% used [0x00000000d5580000,0x00000000d5580000,0x00000000d5680000)
  from space 1024K, 75% used [0x00000000d5980000,0x00000000d5a42000,0x00000000d5a80000)
  to   space 1024K, 0% used [0x00000000d5880000,0x00000000d5880000,0x00000000d5980000)
 ParOldGen       total 1111040K, used 247306K [0x0000000080000000, 0x00000000c3d00000, 0x00000000d5580000)
  object space 1111040K, 22% used [0x0000000080000000,0x000000008f182910,0x00000000c3d00000)
 Metaspace       used 87844K, committed 89472K, reserved 1179648K
  class space    used 9316K, committed 10048K, reserved 1048576K
}
Event: 4312.941 GC heap before
{Heap before GC invocations=1083 (full 4):
 PSYoungGen      total 2048K, used 1456K [0x00000000d5580000, 0x00000000d5a80000, 0x0000000100000000)
  eden space 1024K, 66% used [0x00000000d5580000,0x00000000d562a098,0x00000000d5680000)
  from space 1024K, 75% used [0x00000000d5980000,0x00000000d5a42000,0x00000000d5a80000)
  to   space 1024K, 0% used [0x00000000d5880000,0x00000000d5880000,0x00000000d5980000)
 ParOldGen       total 1111040K, used 247306K [0x0000000080000000, 0x00000000c3d00000, 0x00000000d5580000)
  object space 1111040K, 22% used [0x0000000080000000,0x000000008f182910,0x00000000c3d00000)
 Metaspace       used 87844K, committed 89472K, reserved 1179648K
  class space    used 9316K, committed 10048K, reserved 1048576K
}
Event: 4312.943 GC heap after
{Heap after GC invocations=1083 (full 4):
 PSYoungGen      total 2560K, used 936K [0x00000000d5580000, 0x00000000d5a00000, 0x0000000100000000)
  eden space 1536K, 0% used [0x00000000d5580000,0x00000000d5580000,0x00000000d5700000)
  from space 1024K, 91% used [0x00000000d5880000,0x00000000d596a000,0x00000000d5980000)
  to   space 512K, 0% used [0x00000000d5980000,0x00000000d5980000,0x00000000d5a00000)
 ParOldGen       total 1111040K, used 247850K [0x0000000080000000, 0x00000000c3d00000, 0x00000000d5580000)
  object space 1111040K, 22% used [0x0000000080000000,0x000000008f20a910,0x00000000c3d00000)
 Metaspace       used 87844K, committed 89472K, reserved 1179648K
  class space    used 9316K, committed 10048K, reserved 1048576K
}
Event: 4312.956 GC heap before
{Heap before GC invocations=1084 (full 4):
 PSYoungGen      total 2560K, used 2472K [0x00000000d5580000, 0x00000000d5a00000, 0x0000000100000000)
  eden space 1536K, 100% used [0x00000000d5580000,0x00000000d5700000,0x00000000d5700000)
  from space 1024K, 91% used [0x00000000d5880000,0x00000000d596a000,0x00000000d5980000)
  to   space 512K, 0% used [0x00000000d5980000,0x00000000d5980000,0x00000000d5a00000)
 ParOldGen       total 1111040K, used 247850K [0x0000000080000000, 0x00000000c3d00000, 0x00000000d5580000)
  object space 1111040K, 22% used [0x0000000080000000,0x000000008f20a910,0x00000000c3d00000)
 Metaspace       used 87844K, committed 89472K, reserved 1179648K
  class space    used 9316K, committed 10048K, reserved 1048576K
}
Event: 4312.960 GC heap after
{Heap after GC invocations=1084 (full 4):
 PSYoungGen      total 2048K, used 480K [0x00000000d5580000, 0x00000000d5c80000, 0x0000000100000000)
  eden space 1536K, 0% used [0x00000000d5580000,0x00000000d5580000,0x00000000d5700000)
  from space 512K, 93% used [0x00000000d5980000,0x00000000d59f8280,0x00000000d5a00000)
  to   space 2560K, 0% used [0x00000000d5700000,0x00000000d5700000,0x00000000d5980000)
 ParOldGen       total 1111040K, used 249642K [0x0000000080000000, 0x00000000c3d00000, 0x00000000d5580000)
  object space 1111040K, 22% used [0x0000000080000000,0x000000008f3ca910,0x00000000c3d00000)
 Metaspace       used 87844K, committed 89472K, reserved 1179648K
  class space    used 9316K, committed 10048K, reserved 1048576K
}
Event: 4312.962 GC heap before
{Heap before GC invocations=1085 (full 4):
 PSYoungGen      total 2048K, used 2016K [0x00000000d5580000, 0x00000000d5c80000, 0x0000000100000000)
  eden space 1536K, 100% used [0x00000000d5580000,0x00000000d5700000,0x00000000d5700000)
  from space 512K, 93% used [0x00000000d5980000,0x00000000d59f8280,0x00000000d5a00000)
  to   space 2560K, 0% used [0x00000000d5700000,0x00000000d5700000,0x00000000d5980000)
 ParOldGen       total 1111040K, used 249642K [0x0000000080000000, 0x00000000c3d00000, 0x00000000d5580000)
  object space 1111040K, 22% used [0x0000000080000000,0x000000008f3ca910,0x00000000c3d00000)
 Metaspace       used 87844K, committed 89472K, reserved 1179648K
  class space    used 9316K, committed 10048K, reserved 1048576K
}
Event: 4312.963 GC heap after
{Heap after GC invocations=1085 (full 4):
 PSYoungGen      total 4096K, used 1696K [0x00000000d5580000, 0x00000000d5b80000, 0x0000000100000000)
  eden space 1536K, 0% used [0x00000000d5580000,0x00000000d5580000,0x00000000d5700000)
  from space 2560K, 66% used [0x00000000d5700000,0x00000000d58a8000,0x00000000d5980000)
  to   space 2048K, 0% used [0x00000000d5980000,0x00000000d5980000,0x00000000d5b80000)
 ParOldGen       total 1111040K, used 250138K [0x0000000080000000, 0x00000000c3d00000, 0x00000000d5580000)
  object space 1111040K, 22% used [0x0000000080000000,0x000000008f446b90,0x00000000c3d00000)
 Metaspace       used 87844K, committed 89472K, reserved 1179648K
  class space    used 9316K, committed 10048K, reserved 1048576K
}
Event: 4312.966 GC heap before
{Heap before GC invocations=1086 (full 4):
 PSYoungGen      total 4096K, used 3067K [0x00000000d5580000, 0x00000000d5b80000, 0x0000000100000000)
  eden space 1536K, 89% used [0x00000000d5580000,0x00000000d56d6d20,0x00000000d5700000)
  from space 2560K, 66% used [0x00000000d5700000,0x00000000d58a8000,0x00000000d5980000)
  to   space 2048K, 0% used [0x00000000d5980000,0x00000000d5980000,0x00000000d5b80000)
 ParOldGen       total 1111040K, used 250138K [0x0000000080000000, 0x00000000c3d00000, 0x00000000d5580000)
  object space 1111040K, 22% used [0x0000000080000000,0x000000008f446b90,0x00000000c3d00000)
 Metaspace       used 87844K, committed 89472K, reserved 1179648K
  class space    used 9316K, committed 10048K, reserved 1048576K
}
Event: 4312.968 GC heap after
{Heap after GC invocations=1086 (full 4):
 PSYoungGen      total 3584K, used 1360K [0x00000000d5580000, 0x00000000d5b00000, 0x0000000100000000)
  eden space 2048K, 0% used [0x00000000d5580000,0x00000000d5580000,0x00000000d5780000)
  from space 1536K, 88% used [0x00000000d5980000,0x00000000d5ad4000,0x00000000d5b00000)
  to   space 1536K, 0% used [0x00000000d5800000,0x00000000d5800000,0x00000000d5980000)
 ParOldGen       total 1111040K, used 251698K [0x0000000080000000, 0x00000000c3d00000, 0x00000000d5580000)
  object space 1111040K, 22% used [0x0000000080000000,0x000000008f5ccb90,0x00000000c3d00000)
 Metaspace       used 87844K, committed 89472K, reserved 1179648K
  class space    used 9316K, committed 10048K, reserved 1048576K
}
Event: 4312.996 GC heap before
{Heap before GC invocations=1087 (full 4):
 PSYoungGen      total 3584K, used 3408K [0x00000000d5580000, 0x00000000d5b00000, 0x0000000100000000)
  eden space 2048K, 100% used [0x00000000d5580000,0x00000000d5780000,0x00000000d5780000)
  from space 1536K, 88% used [0x00000000d5980000,0x00000000d5ad4000,0x00000000d5b00000)
  to   space 1536K, 0% used [0x00000000d5800000,0x00000000d5800000,0x00000000d5980000)
 ParOldGen       total 1111040K, used 251698K [0x0000000080000000, 0x00000000c3d00000, 0x00000000d5580000)
  object space 1111040K, 22% used [0x0000000080000000,0x000000008f5ccb90,0x00000000c3d00000)
 Metaspace       used 87899K, committed 89536K, reserved 1179648K
  class space    used 9316K, committed 10048K, reserved 1048576K
}
Event: 4313.000 GC heap after
{Heap after GC invocations=1087 (full 4):
 PSYoungGen      total 4096K, used 1032K [0x00000000d5580000, 0x00000000d5b00000, 0x0000000100000000)
  eden space 2560K, 0% used [0x00000000d5580000,0x00000000d5580000,0x00000000d5800000)
  from space 1536K, 67% used [0x00000000d5800000,0x00000000d5902000,0x00000000d5980000)
  to   space 1536K, 0% used [0x00000000d5980000,0x00000000d5980000,0x00000000d5b00000)
 ParOldGen       total 1111040K, used 252746K [0x0000000080000000, 0x00000000c3d00000, 0x00000000d5580000)
  object space 1111040K, 22% used [0x0000000080000000,0x000000008f6d2b90,0x00000000c3d00000)
 Metaspace       used 87899K, committed 89536K, reserved 1179648K
  class space    used 9316K, committed 10048K, reserved 1048576K
}
Event: 4313.304 GC heap before
{Heap before GC invocations=1088 (full 4):
 PSYoungGen      total 4096K, used 3592K [0x00000000d5580000, 0x00000000d5b00000, 0x0000000100000000)
  eden space 2560K, 100% used [0x00000000d5580000,0x00000000d5800000,0x00000000d5800000)
  from space 1536K, 67% used [0x00000000d5800000,0x00000000d5902000,0x00000000d5980000)
  to   space 1536K, 0% used [0x00000000d5980000,0x00000000d5980000,0x00000000d5b00000)
 ParOldGen       total 1111040K, used 252746K [0x0000000080000000, 0x00000000c3d00000, 0x00000000d5580000)
  object space 1111040K, 22% used [0x0000000080000000,0x000000008f6d2b90,0x00000000c3d00000)
 Metaspace       used 87903K, committed 89536K, reserved 1179648K
  class space    used 9316K, committed 10048K, reserved 1048576K
}
Event: 4313.306 GC heap after
{Heap after GC invocations=1088 (full 4):
 PSYoungGen      total 4096K, used 352K [0x00000000d5580000, 0x00000000d5a80000, 0x0000000100000000)
  eden space 3072K, 0% used [0x00000000d5580000,0x00000000d5580000,0x00000000d5880000)
  from space 1024K, 34% used [0x00000000d5980000,0x00000000d59d8020,0x00000000d5a80000)
  to   space 1024K, 0% used [0x00000000d5880000,0x00000000d5880000,0x00000000d5980000)
 ParOldGen       total 1111040K, used 253210K [0x0000000080000000, 0x00000000c3d00000, 0x00000000d5580000)
  object space 1111040K, 22% used [0x0000000080000000,0x000000008f746b90,0x00000000c3d00000)
 Metaspace       used 87903K, committed 89536K, reserved 1179648K
  class space    used 9316K, committed 10048K, reserved 1048576K
}
Event: 4326.427 GC heap before
{Heap before GC invocations=1089 (full 4):
 PSYoungGen      total 4096K, used 3424K [0x00000000d5580000, 0x00000000d5a80000, 0x0000000100000000)
  eden space 3072K, 100% used [0x00000000d5580000,0x00000000d5880000,0x00000000d5880000)
  from space 1024K, 34% used [0x00000000d5980000,0x00000000d59d8020,0x00000000d5a80000)
  to   space 1024K, 0% used [0x00000000d5880000,0x00000000d5880000,0x00000000d5980000)
 ParOldGen       total 1111040K, used 253210K [0x0000000080000000, 0x00000000c3d00000, 0x00000000d5580000)
  object space 1111040K, 22% used [0x0000000080000000,0x000000008f746b90,0x00000000c3d00000)
 Metaspace       used 87906K, committed 89536K, reserved 1179648K
  class space    used 9316K, committed 10048K, reserved 1048576K
}
Event: 4326.428 GC heap after
{Heap after GC invocations=1089 (full 4):
 PSYoungGen      total 4096K, used 512K [0x00000000d5580000, 0x00000000d5a80000, 0x0000000100000000)
  eden space 3072K, 0% used [0x00000000d5580000,0x00000000d5580000,0x00000000d5880000)
  from space 1024K, 50% used [0x00000000d5880000,0x00000000d5900000,0x00000000d5980000)
  to   space 1024K, 0% used [0x00000000d5980000,0x00000000d5980000,0x00000000d5a80000)
 ParOldGen       total 1111040K, used 253266K [0x0000000080000000, 0x00000000c3d00000, 0x00000000d5580000)
  object space 1111040K, 22% used [0x0000000080000000,0x000000008f754b90,0x00000000c3d00000)
 Metaspace       used 87906K, committed 89536K, reserved 1179648K
  class space    used 9316K, committed 10048K, reserved 1048576K
}
Event: 4326.784 GC heap before
{Heap before GC invocations=1090 (full 4):
 PSYoungGen      total 4096K, used 3584K [0x00000000d5580000, 0x00000000d5a80000, 0x0000000100000000)
  eden space 3072K, 100% used [0x00000000d5580000,0x00000000d5880000,0x00000000d5880000)
  from space 1024K, 50% used [0x00000000d5880000,0x00000000d5900000,0x00000000d5980000)
  to   space 1024K, 0% used [0x00000000d5980000,0x00000000d5980000,0x00000000d5a80000)
 ParOldGen       total 1111040K, used 253266K [0x0000000080000000, 0x00000000c3d00000, 0x00000000d5580000)
  object space 1111040K, 22% used [0x0000000080000000,0x000000008f754b90,0x00000000c3d00000)
 Metaspace       used 87907K, committed 89536K, reserved 1179648K
  class space    used 9316K, committed 10048K, reserved 1048576K
}
Event: 4326.785 GC heap after
{Heap after GC invocations=1090 (full 4):
 PSYoungGen      total 4096K, used 624K [0x00000000d5580000, 0x00000000d5a80000, 0x0000000100000000)
  eden space 3072K, 0% used [0x00000000d5580000,0x00000000d5580000,0x00000000d5880000)
  from space 1024K, 60% used [0x00000000d5980000,0x00000000d5a1c010,0x00000000d5a80000)
  to   space 1024K, 0% used [0x00000000d5880000,0x00000000d5880000,0x00000000d5980000)
 ParOldGen       total 1111040K, used 253648K [0x0000000080000000, 0x00000000c3d00000, 0x00000000d5580000)
  object space 1111040K, 22% used [0x0000000080000000,0x000000008f7b4020,0x00000000c3d00000)
 Metaspace       used 87907K, committed 89536K, reserved 1179648K
  class space    used 9316K, committed 10048K, reserved 1048576K
}
Event: 4326.825 GC heap before
{Heap before GC invocations=1091 (full 4):
 PSYoungGen      total 4096K, used 3696K [0x00000000d5580000, 0x00000000d5a80000, 0x0000000100000000)
  eden space 3072K, 99% used [0x00000000d5580000,0x00000000d587fff0,0x00000000d5880000)
  from space 1024K, 60% used [0x00000000d5980000,0x00000000d5a1c010,0x00000000d5a80000)
  to   space 1024K, 0% used [0x00000000d5880000,0x00000000d5880000,0x00000000d5980000)
 ParOldGen       total 1111040K, used 253648K [0x0000000080000000, 0x00000000c3d00000, 0x00000000d5580000)
  object space 1111040K, 22% used [0x0000000080000000,0x000000008f7b4020,0x00000000c3d00000)
 Metaspace       used 87914K, committed 89536K, reserved 1179648K
  class space    used 9316K, committed 10048K, reserved 1048576K
}
Event: 4326.826 GC heap after
{Heap after GC invocations=1091 (full 4):
 PSYoungGen      total 4096K, used 384K [0x00000000d5580000, 0x00000000d5a00000, 0x0000000100000000)
  eden space 3072K, 0% used [0x00000000d5580000,0x00000000d5580000,0x00000000d5880000)
  from space 1024K, 37% used [0x00000000d5880000,0x00000000d58e0000,0x00000000d5980000)
  to   space 512K, 0% used [0x00000000d5980000,0x00000000d5980000,0x00000000d5a00000)
 ParOldGen       total 1111040K, used 253784K [0x0000000080000000, 0x00000000c3d00000, 0x00000000d5580000)
  object space 1111040K, 22% used [0x0000000080000000,0x000000008f7d6020,0x00000000c3d00000)
 Metaspace       used 87914K, committed 89536K, reserved 1179648K
  class space    used 9316K, committed 10048K, reserved 1048576K
}

Dll operation events (14 events):
Event: 0.017 Loaded shared library c:\Users\asus\.vscode\extensions\redhat.java-1.55.0-win32-x64\jre\21.0.11-win32-x86_64\bin\java.dll
Event: 0.118 Loaded shared library c:\Users\asus\.vscode\extensions\redhat.java-1.55.0-win32-x64\jre\21.0.11-win32-x86_64\bin\zip.dll
Event: 0.156 Loaded shared library C:\Users\asus\.vscode\extensions\redhat.java-1.55.0-win32-x64\jre\21.0.11-win32-x86_64\bin\instrument.dll
Event: 0.164 Loaded shared library C:\Users\asus\.vscode\extensions\redhat.java-1.55.0-win32-x64\jre\21.0.11-win32-x86_64\bin\net.dll
Event: 0.167 Loaded shared library C:\Users\asus\.vscode\extensions\redhat.java-1.55.0-win32-x64\jre\21.0.11-win32-x86_64\bin\nio.dll
Event: 0.172 Loaded shared library C:\Users\asus\.vscode\extensions\redhat.java-1.55.0-win32-x64\jre\21.0.11-win32-x86_64\bin\zip.dll
Event: 0.196 Loaded shared library C:\Users\asus\.vscode\extensions\redhat.java-1.55.0-win32-x64\jre\21.0.11-win32-x86_64\bin\jimage.dll
Event: 0.305 Loaded shared library c:\Users\asus\.vscode\extensions\redhat.java-1.55.0-win32-x64\jre\21.0.11-win32-x86_64\bin\verify.dll
Event: 1.583 Loaded shared library C:\Users\asus\AppData\Roaming\Code\User\globalStorage\redhat.java\1.55.0\config_win\org.eclipse.equinox.launcher\org.eclipse.equinox.launcher.win32.win32.x86_64_1.3.100.v20260613-0559\eclipse_11924.dll
Event: 5.578 Loaded shared library C:\Users\asus\.vscode\extensions\redhat.java-1.55.0-win32-x64\jre\21.0.11-win32-x86_64\bin\management.dll
Event: 5.585 Loaded shared library C:\Users\asus\.vscode\extensions\redhat.java-1.55.0-win32-x64\jre\21.0.11-win32-x86_64\bin\management_ext.dll
Event: 8.809 Loaded shared library C:\Users\asus\AppData\Local\Temp\jna-3003984\jna7865772849019743666.dll
Event: 9.535 Loaded shared library C:\Users\asus\.vscode\extensions\redhat.java-1.55.0-win32-x64\jre\21.0.11-win32-x86_64\bin\sunmscapi.dll
Event: 10.267 Loaded shared library C:\Users\asus\.vscode\extensions\redhat.java-1.55.0-win32-x64\jre\21.0.11-win32-x86_64\bin\extnet.dll

Deoptimization events (20 events):
Event: 4067.666 Thread 0x0000011906883db0 DEOPT PACKING pc=0x000001192c72f7f3 sp=0x000000088f5fe7c0
Event: 4067.666 Thread 0x0000011906883db0 DEOPT UNPACKING pc=0x00000119314d4242 sp=0x000000088f5fdc58 mode 0
Event: 4067.667 Thread 0x0000011906883db0 DEOPT PACKING pc=0x000001192c72f7f3 sp=0x000000088f5fe7c0
Event: 4067.667 Thread 0x0000011906883db0 DEOPT UNPACKING pc=0x00000119314d4242 sp=0x000000088f5fdc58 mode 0
Event: 4067.668 Thread 0x0000011906883db0 DEOPT PACKING pc=0x000001192c72f7f3 sp=0x000000088f5fe7c0
Event: 4067.668 Thread 0x0000011906883db0 DEOPT UNPACKING pc=0x00000119314d4242 sp=0x000000088f5fdc58 mode 0
Event: 4067.668 Thread 0x0000011906883db0 DEOPT PACKING pc=0x000001192c72f7f3 sp=0x000000088f5fe7c0
Event: 4067.668 Thread 0x0000011906883db0 DEOPT UNPACKING pc=0x00000119314d4242 sp=0x000000088f5fdc58 mode 0
Event: 4067.668 Thread 0x0000011906883db0 DEOPT PACKING pc=0x000001192c72f7f3 sp=0x000000088f5fe7c0
Event: 4067.668 Thread 0x0000011906883db0 DEOPT UNPACKING pc=0x00000119314d4242 sp=0x000000088f5fdc58 mode 0
Event: 4067.669 Thread 0x0000011906883db0 DEOPT PACKING pc=0x000001192c72f7f3 sp=0x000000088f5fe7c0
Event: 4067.669 Thread 0x0000011906883db0 DEOPT UNPACKING pc=0x00000119314d4242 sp=0x000000088f5fdc58 mode 0
Event: 4067.670 Thread 0x0000011906883db0 DEOPT PACKING pc=0x000001192c72f7f3 sp=0x000000088f5fe7c0
Event: 4067.670 Thread 0x0000011906883db0 DEOPT UNPACKING pc=0x00000119314d4242 sp=0x000000088f5fdc58 mode 0
Event: 4067.670 Thread 0x0000011906883db0 DEOPT PACKING pc=0x000001192c72f7f3 sp=0x000000088f5fe7c0
Event: 4067.670 Thread 0x0000011906883db0 DEOPT UNPACKING pc=0x00000119314d4242 sp=0x000000088f5fdc58 mode 0
Event: 4313.300 Thread 0x000001190ab87d50 Uncommon trap: trap_request=0xffffff6e fr.pc=0x0000011932b89d04 relative=0x00000000000003e4
Event: 4313.300 Thread 0x000001190ab87d50 Uncommon trap: reason=loop_limit_check action=maybe_recompile pc=0x0000011932b89d04 method=org.eclipse.jdt.internal.core.util.CommentRecorderParser.flushCommentsDefinedPriorTo(I)I @ 56 c2
Event: 4313.300 Thread 0x000001190ab87d50 DEOPT PACKING pc=0x0000011932b89d04 sp=0x000000088cafd670
Event: 4313.300 Thread 0x000001190ab87d50 DEOPT UNPACKING pc=0x00000119314d3aa2 sp=0x000000088cafd600 mode 2

Classes loaded (20 events):
Event: 4037.357 Loading class java/util/ReverseOrderListView$Rand
Event: 4037.357 Loading class java/util/ReverseOrderListView$Rand done
Event: 4037.358 Loading class java/lang/invoke/MethodHandleImpl$TableSwitchCacheKey
Event: 4037.359 Loading class java/lang/invoke/MethodHandleImpl$TableSwitchCacheKey done
Event: 4039.530 Loading class sun/security/ssl/PreSharedKeyExtension$PskIdentity
Event: 4039.530 Loading class sun/security/ssl/PreSharedKeyExtension$PskIdentity done
Event: 4039.531 Loading class sun/security/ssl/PreSharedKeyExtension$CHPreSharedKeySpec
Event: 4039.531 Loading class sun/security/ssl/PreSharedKeyExtension$CHPreSharedKeySpec done
Event: 4039.531 Loading class sun/security/ssl/PreSharedKeyExtension$PartialClientHelloMessage
Event: 4039.531 Loading class sun/security/ssl/PreSharedKeyExtension$PartialClientHelloMessage done
Event: 4039.531 Loading class sun/security/ssl/SSLEngineOutputRecord
Event: 4039.537 Loading class sun/security/ssl/SSLEngineOutputRecord done
Event: 4039.537 Loading class sun/security/ssl/SSLEngineOutputRecord$HandshakeFragment
Event: 4039.538 Loading class sun/security/ssl/SSLEngineOutputRecord$HandshakeFragment done
Event: 4039.538 Loading class sun/security/ssl/SSLEngineOutputRecord$HandshakeMemo
Event: 4039.538 Loading class sun/security/ssl/SSLEngineOutputRecord$RecordMemo
Event: 4039.538 Loading class sun/security/ssl/SSLEngineOutputRecord$RecordMemo done
Event: 4039.538 Loading class sun/security/ssl/SSLEngineOutputRecord$HandshakeMemo done
Event: 4039.582 Loading class sun/security/ssl/PreSharedKeyExtension$SHPreSharedKeySpec
Event: 4039.582 Loading class sun/security/ssl/PreSharedKeyExtension$SHPreSharedKeySpec done

Classes unloaded (20 events):
Event: 3004.683 Thread 0x0000011926dc4ac0 Unloading class 0x000001193f017400 'java/lang/invoke/LambdaForm$MH+0x000001193f017400'
Event: 3004.683 Thread 0x0000011926dc4ac0 Unloading class 0x000001193f016400 'java/lang/invoke/LambdaForm$MH+0x000001193f016400'
Event: 3004.683 Thread 0x0000011926dc4ac0 Unloading class 0x000001193f00d800 'java/lang/invoke/LambdaForm$MH+0x000001193f00d800'
Event: 3004.683 Thread 0x0000011926dc4ac0 Unloading class 0x000001193f00d400 'java/lang/invoke/LambdaForm$MH+0x000001193f00d400'
Event: 3004.683 Thread 0x0000011926dc4ac0 Unloading class 0x000001193f00d000 'java/lang/invoke/LambdaForm$MH+0x000001193f00d000'
Event: 3004.683 Thread 0x0000011926dc4ac0 Unloading class 0x000001193f00cc00 'java/lang/invoke/LambdaForm$MH+0x000001193f00cc00'
Event: 3004.683 Thread 0x0000011926dc4ac0 Unloading class 0x000001193f00c800 'java/lang/invoke/LambdaForm$BMH+0x000001193f00c800'
Event: 3004.683 Thread 0x0000011926dc4ac0 Unloading class 0x000001193f00c000 'java/lang/invoke/LambdaForm$DMH+0x000001193f00c000'
Event: 3004.683 Thread 0x0000011926dc4ac0 Unloading class 0x000001193f008c00 'java/lang/invoke/LambdaForm$MH+0x000001193f008c00'
Event: 3004.683 Thread 0x0000011926dc4ac0 Unloading class 0x000001193f008800 'java/lang/invoke/LambdaForm$MH+0x000001193f008800'
Event: 3004.683 Thread 0x0000011926dc4ac0 Unloading class 0x000001193f008400 'java/lang/invoke/LambdaForm$MH+0x000001193f008400'
Event: 3004.683 Thread 0x0000011926dc4ac0 Unloading class 0x000001193f007000 'java/lang/invoke/LambdaForm$MH+0x000001193f007000'
Event: 3004.683 Thread 0x0000011926dc4ac0 Unloading class 0x000001193f006800 'java/lang/invoke/LambdaForm$MH+0x000001193f006800'
Event: 3004.683 Thread 0x0000011926dc4ac0 Unloading class 0x000001193f006400 'java/lang/invoke/LambdaForm$MH+0x000001193f006400'
Event: 3004.683 Thread 0x0000011926dc4ac0 Unloading class 0x000001193f006000 'java/lang/invoke/LambdaForm$MH+0x000001193f006000'
Event: 3004.683 Thread 0x0000011926dc4ac0 Unloading class 0x000001193f005c00 'java/lang/invoke/LambdaForm$BMH+0x000001193f005c00'
Event: 3004.683 Thread 0x0000011926dc4ac0 Unloading class 0x000001193f004800 'java/lang/invoke/LambdaForm$DMH+0x000001193f004800'
Event: 3004.683 Thread 0x0000011926dc4ac0 Unloading class 0x000001193f002400 'java/lang/invoke/LambdaForm$MH+0x000001193f002400'
Event: 3004.683 Thread 0x0000011926dc4ac0 Unloading class 0x000001193f002000 'java/lang/invoke/LambdaForm$MH+0x000001193f002000'
Event: 3004.683 Thread 0x0000011926dc4ac0 Unloading class 0x000001193f001800 'java/lang/invoke/LambdaForm$MH+0x000001193f001800'

Classes redefined (0 events):
No events

Internal exceptions (20 events):
Event: 4067.599 Thread 0x0000011906883db0 Exception <a 'sun/nio/fs/WindowsException'{0x00000000d558e310}> (0x00000000d558e310) 
thrown [s\src\hotspot\share\prims\jni.cpp, line 520]
Event: 4067.747 Thread 0x0000011906883db0 Exception <a 'sun/nio/fs/WindowsException'{0x00000000d55de028}> (0x00000000d55de028) 
thrown [s\src\hotspot\share\prims\jni.cpp, line 520]
Event: 4102.028 Thread 0x0000011906883720 Exception <a 'sun/nio/fs/WindowsException'{0x00000000d56262c0}> (0x00000000d56262c0) 
thrown [s\src\hotspot\share\prims\jni.cpp, line 520]
Event: 4102.028 Thread 0x0000011906883720 Exception <a 'sun/nio/fs/WindowsException'{0x00000000d5626bb0}> (0x00000000d5626bb0) 
thrown [s\src\hotspot\share\prims\jni.cpp, line 520]
Event: 4102.028 Thread 0x0000011906883720 Exception <a 'sun/nio/fs/WindowsException'{0x00000000d5627908}> (0x00000000d5627908) 
thrown [s\src\hotspot\share\prims\jni.cpp, line 520]
Event: 4102.028 Thread 0x0000011906883720 Exception <a 'sun/nio/fs/WindowsException'{0x00000000d56281f8}> (0x00000000d56281f8) 
thrown [s\src\hotspot\share\prims\jni.cpp, line 520]
Event: 4102.028 Thread 0x0000011906883720 Exception <a 'sun/nio/fs/WindowsException'{0x00000000d56298a8}> (0x00000000d56298a8) 
thrown [s\src\hotspot\share\prims\jni.cpp, line 520]
Event: 4102.028 Thread 0x0000011906883720 Exception <a 'sun/nio/fs/WindowsException'{0x00000000d5629ee8}> (0x00000000d5629ee8) 
thrown [s\src\hotspot\share\prims\jni.cpp, line 520]
Event: 4102.029 Thread 0x0000011906883720 Exception <a 'sun/nio/fs/WindowsException'{0x00000000d562ac18}> (0x00000000d562ac18) 
thrown [s\src\hotspot\share\prims\jni.cpp, line 520]
Event: 4102.029 Thread 0x0000011906883720 Exception <a 'sun/nio/fs/WindowsException'{0x00000000d562b258}> (0x00000000d562b258) 
thrown [s\src\hotspot\share\prims\jni.cpp, line 520]
Event: 4268.894 Thread 0x0000011906883db0 Exception <a 'sun/nio/fs/WindowsException'{0x00000000d5655cb0}> (0x00000000d5655cb0) 
thrown [s\src\hotspot\share\prims\jni.cpp, line 520]
Event: 4269.049 Thread 0x0000011906883db0 Exception <a 'sun/nio/fs/WindowsException'{0x00000000d5590ff0}> (0x00000000d5590ff0) 
thrown [s\src\hotspot\share\prims\jni.cpp, line 520]
Event: 4270.347 Thread 0x0000011906883db0 Exception <a 'sun/nio/fs/WindowsException'{0x00000000d5759998}> (0x00000000d5759998) 
thrown [s\src\hotspot\share\prims\jni.cpp, line 520]
Event: 4270.577 Thread 0x0000011906883db0 Exception <a 'sun/nio/fs/WindowsException'{0x00000000d5692260}> (0x00000000d5692260) 
thrown [s\src\hotspot\share\prims\jni.cpp, line 520]
Event: 4278.225 Thread 0x0000011906883db0 Exception <a 'sun/nio/fs/WindowsException'{0x00000000d55e2130}> (0x00000000d55e2130) 
thrown [s\src\hotspot\share\prims\jni.cpp, line 520]
Event: 4278.326 Thread 0x0000011906883db0 Exception <a 'sun/nio/fs/WindowsException'{0x00000000d5629120}> (0x00000000d5629120) 
thrown [s\src\hotspot\share\prims\jni.cpp, line 520]
Event: 4300.275 Thread 0x0000011906883db0 Exception <a 'sun/nio/fs/WindowsException'{0x00000000d55d4608}> (0x00000000d55d4608) 
thrown [s\src\hotspot\share\prims\jni.cpp, line 520]
Event: 4300.396 Thread 0x0000011906883db0 Exception <a 'sun/nio/fs/WindowsException'{0x00000000d57ac740}> (0x00000000d57ac740) 
thrown [s\src\hotspot\share\prims\jni.cpp, line 520]
Event: 4312.891 Thread 0x0000011906883db0 Exception <a 'sun/nio/fs/WindowsException'{0x00000000d57a0f00}> (0x00000000d57a0f00) 
thrown [s\src\hotspot\share\prims\jni.cpp, line 520]
Event: 4312.988 Thread 0x0000011906883db0 Exception <a 'sun/nio/fs/WindowsException'{0x00000000d56234d0}> (0x00000000d56234d0) 
thrown [s\src\hotspot\share\prims\jni.cpp, line 520]

ZGC Phase Switch (0 events):
No events

VM Operations (20 events):
Event: 4312.966 Executing safepoint VM operation: ParallelGCFailedAllocation (Allocation Failure)
Event: 4312.968 Executing safepoint VM operation: ParallelGCFailedAllocation (Allocation Failure) done
Event: 4312.996 Executing safepoint VM operation: ParallelGCFailedAllocation (Allocation Failure)
Event: 4313.000 Executing safepoint VM operation: ParallelGCFailedAllocation (Allocation Failure) done
Event: 4313.304 Executing safepoint VM operation: ParallelGCFailedAllocation (Allocation Failure)
Event: 4313.306 Executing safepoint VM operation: ParallelGCFailedAllocation (Allocation Failure) done
Event: 4315.320 Executing safepoint VM operation: Cleanup
Event: 4315.320 Executing safepoint VM operation: Cleanup done
Event: 4318.180 Executing non-safepoint VM operation: HandshakeAllThreads (HandshakeForDeflation)
Event: 4318.180 Executing non-safepoint VM operation: HandshakeAllThreads (HandshakeForDeflation) done
Event: 4318.180 Executing non-safepoint VM operation: RendezvousGCThreads
Event: 4318.180 Executing non-safepoint VM operation: RendezvousGCThreads done
Event: 4326.427 Executing safepoint VM operation: ParallelGCFailedAllocation (Allocation Failure)
Event: 4326.428 Executing safepoint VM operation: ParallelGCFailedAllocation (Allocation Failure) done
Event: 4326.784 Executing safepoint VM operation: ParallelGCFailedAllocation (Allocation Failure)
Event: 4326.785 Executing safepoint VM operation: ParallelGCFailedAllocation (Allocation Failure) done
Event: 4326.825 Executing safepoint VM operation: ParallelGCFailedAllocation (Allocation Failure)
Event: 4326.826 Executing safepoint VM operation: ParallelGCFailedAllocation (Allocation Failure) done
Event: 4327.826 Executing safepoint VM operation: Cleanup
Event: 4327.826 Executing safepoint VM operation: Cleanup done

Memory protections (0 events):
No events

Nmethod flushes (20 events):
Event: 3004.730 Thread 0x0000011926dc4ac0 flushing  nmethod 0x000001192afbe910
Event: 3004.730 Thread 0x0000011926dc4ac0 flushing  nmethod 0x000001192afc6410
Event: 3004.730 Thread 0x0000011926dc4ac0 flushing  nmethod 0x000001192afc8a10
Event: 3004.730 Thread 0x0000011926dc4ac0 flushing  nmethod 0x000001192afd1110
Event: 3004.730 Thread 0x0000011926dc4ac0 flushing  nmethod 0x000001192afdd990
Event: 3004.730 Thread 0x0000011926dc4ac0 flushing  nmethod 0x000001192aff1510
Event: 3004.730 Thread 0x0000011926dc4ac0 flushing  nmethod 0x000001192aff4590
Event: 3004.730 Thread 0x0000011926dc4ac0 flushing  nmethod 0x000001192aff5810
Event: 3004.730 Thread 0x0000011926dc4ac0 flushing  nmethod 0x000001192aff7e10
Event: 3004.730 Thread 0x0000011926dc4ac0 flushing  nmethod 0x000001192affd010
Event: 3004.730 Thread 0x0000011926dc4ac0 flushing  nmethod 0x000001192b004210
Event: 3004.730 Thread 0x0000011926dc4ac0 flushing  nmethod 0x000001192b016410
Event: 3004.730 Thread 0x0000011926dc4ac0 flushing  nmethod 0x000001192b01e490
Event: 3004.730 Thread 0x0000011926dc4ac0 flushing  nmethod 0x000001192b021690
Event: 3004.730 Thread 0x0000011926dc4ac0 flushing  nmethod 0x000001192b053c10
Event: 3004.730 Thread 0x0000011926dc4ac0 flushing  nmethod 0x000001192b057d90
Event: 3004.730 Thread 0x0000011926dc4ac0 flushing  nmethod 0x000001192b060490
Event: 3004.730 Thread 0x0000011926dc4ac0 flushing  nmethod 0x000001192b06c490
Event: 3004.730 Thread 0x0000011926dc4ac0 flushing  nmethod 0x000001192b08dc90
Event: 3004.730 Thread 0x0000011926dc4ac0 flushing  nmethod 0x000001192b08f410

Events (20 events):
Event: 4269.075 Thread 0x0000011906882370 Thread added: 0x00000119072fc550
Event: 4269.076 Thread 0x00000119072fc550 Thread added: 0x00000119072f90d0
Event: 4270.404 Thread 0x0000011906886510 Thread added: 0x00000119072f9760
Event: 4270.416 Thread 0x0000011906886510 Thread added: 0x0000011906882a00
Event: 4278.330 Thread 0x000001190b72a620 Thread added: 0x0000011906889300
Event: 4299.970 Thread 0x000001197fc75490 Thread added: 0x00000119065a2470
Event: 4300.401 Thread 0x00000119072f9760 Thread added: 0x00000119099893f0
Event: 4305.691 Thread 0x00000119065a2470 Thread exited: 0x00000119065a2470
Event: 4312.970 Thread 0x000001190b72a620 Thread added: 0x000001190998c1e0
Event: 4326.775 Thread 0x000001190b72a620 Thread added: 0x0000011909988d60
Event: 4326.776 Thread 0x0000011909988d60 Thread added: 0x000001190998a110
Event: 4326.776 Thread 0x0000011909988d60 Thread added: 0x0000011909989a80
Event: 4326.776 Thread 0x0000011909989a80 Thread exited: 0x0000011909989a80
Event: 4326.776 Thread 0x000001190998a110 Thread exited: 0x000001190998a110
Event: 4326.776 Thread 0x0000011909988d60 Thread exited: 0x0000011909988d60
Event: 4326.781 Thread 0x000001190b72a620 Thread added: 0x000001190998a110
Event: 4326.781 Thread 0x000001190998a110 Thread exited: 0x000001190998a110
Event: 4326.879 Thread 0x0000011906883090 Thread exited: 0x0000011906883090
Event: 4326.911 Thread 0x000001190b725760 Thread exited: 0x000001190b725760
Event: 4327.004 Thread 0x000001190b723d20 Thread exited: 0x000001190b723d20


Dynamic libraries:
0x00007ff62d620000 - 0x00007ff62d62e000 	c:\Users\asus\.vscode\extensions\redhat.java-1.55.0-win32-x64\jre\21.0.11-win32-x86_64\bin\java.exe
0x00007ff8eb9c0000 - 0x00007ff8ebc26000 	C:\Windows\SYSTEM32\ntdll.dll
0x00007ff8eb1c0000 - 0x00007ff8eb289000 	C:\Windows\System32\KERNEL32.DLL
0x00007ff8e8c50000 - 0x00007ff8e904a000 	C:\Windows\System32\KERNELBASE.dll
0x00007ff8e54d0000 - 0x00007ff8e5570000 	C:\Windows\SYSTEM32\apphelp.dll
0x00007ff8e95e0000 - 0x00007ff8e972c000 	C:\Windows\System32\ucrtbase.dll
0x00007ff8cab70000 - 0x00007ff8cab88000 	c:\Users\asus\.vscode\extensions\redhat.java-1.55.0-win32-x64\jre\21.0.11-win32-x86_64\bin\jli.dll
0x00007ff8e9e90000 - 0x00007ff8ea057000 	C:\Windows\System32\USER32.dll
0x00007ff8e94f0000 - 0x00007ff8e9517000 	C:\Windows\System32\win32u.dll
0x00007ff8ea920000 - 0x00007ff8ea94b000 	C:\Windows\System32\GDI32.dll
0x00007ff8e9260000 - 0x00007ff8e938b000 	C:\Windows\System32\gdi32full.dll
0x00007ff8e9440000 - 0x00007ff8e94e3000 	C:\Windows\System32\msvcp_win.dll
0x00007ff8cab90000 - 0x00007ff8cabae000 	c:\Users\asus\.vscode\extensions\redhat.java-1.55.0-win32-x64\jre\21.0.11-win32-x86_64\bin\VCRUNTIME140.dll
0x00007ff8c8790000 - 0x00007ff8c8a22000 	C:\Windows\WinSxS\amd64_microsoft.windows.common-controls_6595b64144ccf1df_6.0.26100.8521_none_3e08b75ce33403b3\COMCTL32.dll
0x00007ff8eb700000 - 0x00007ff8eb7a9000 	C:\Windows\System32\msvcrt.dll
0x00007ff8ea740000 - 0x00007ff8ea772000 	C:\Windows\System32\IMM32.DLL
0x00007ff8d3870000 - 0x00007ff8d387c000 	c:\Users\asus\.vscode\extensions\redhat.java-1.55.0-win32-x64\jre\21.0.11-win32-x86_64\bin\vcruntime140_1.dll
0x00007ff8b7660000 - 0x00007ff8b76ed000 	c:\Users\asus\.vscode\extensions\redhat.java-1.55.0-win32-x64\jre\21.0.11-win32-x86_64\bin\msvcp140.dll
0x00007ff84aca0000 - 0x00007ff84ba42000 	c:\Users\asus\.vscode\extensions\redhat.java-1.55.0-win32-x64\jre\21.0.11-win32-x86_64\bin\server\jvm.dll
0x00007ff8e9730000 - 0x00007ff8e97e6000 	C:\Windows\System32\ADVAPI32.dll
0x00007ff8ea690000 - 0x00007ff8ea73a000 	C:\Windows\System32\sechost.dll
0x00007ff8ea570000 - 0x00007ff8ea688000 	C:\Windows\System32\RPCRT4.dll
0x00007ff8e9d40000 - 0x00007ff8e9dc0000 	C:\Windows\System32\WS2_32.dll
0x00007ff8e8ab0000 - 0x00007ff8e8b0e000 	C:\Windows\SYSTEM32\POWRPROF.dll
0x00007ff8db1b0000 - 0x00007ff8db1e6000 	C:\Windows\SYSTEM32\WINMM.dll
0x00007ff8deb00000 - 0x00007ff8deb0b000 	C:\Windows\SYSTEM32\VERSION.dll
0x00007ff8e8a90000 - 0x00007ff8e8aa4000 	C:\Windows\SYSTEM32\UMPDC.dll
0x00007ff8e79e0000 - 0x00007ff8e79fb000 	C:\Windows\SYSTEM32\kernel.appcore.dll
0x00007ff8d23e0000 - 0x00007ff8d23ea000 	c:\Users\asus\.vscode\extensions\redhat.java-1.55.0-win32-x64\jre\21.0.11-win32-x86_64\bin\jimage.dll
0x00007ff8e6220000 - 0x00007ff8e6462000 	C:\Windows\SYSTEM32\DBGHELP.DLL
0x00007ff8eb360000 - 0x00007ff8eb6e3000 	C:\Windows\System32\combase.dll
0x00007ff8ea1a0000 - 0x00007ff8ea279000 	C:\Windows\System32\OLEAUT32.dll
0x00007ff8d14c0000 - 0x00007ff8d14fb000 	C:\Windows\SYSTEM32\dbgcore.DLL
0x00007ff8e9390000 - 0x00007ff8e9438000 	C:\Windows\System32\bcryptPrimitives.dll
0x00007ff8d12f0000 - 0x00007ff8d12ff000 	c:\Users\asus\.vscode\extensions\redhat.java-1.55.0-win32-x64\jre\21.0.11-win32-x86_64\bin\instrument.dll
0x00007ff8ca7e0000 - 0x00007ff8ca800000 	c:\Users\asus\.vscode\extensions\redhat.java-1.55.0-win32-x64\jre\21.0.11-win32-x86_64\bin\java.dll
0x00007ff8ea9b0000 - 0x00007ff8eb134000 	C:\Windows\System32\SHELL32.dll
0x00007ff8e6810000 - 0x00007ff8e7090000 	C:\Windows\SYSTEM32\windows.storage.dll
0x00007ff8ea280000 - 0x00007ff8ea376000 	C:\Windows\System32\SHCORE.dll
0x00007ff8eb7b0000 - 0x00007ff8eb817000 	C:\Windows\System32\shlwapi.dll
0x00007ff8e8b70000 - 0x00007ff8e8b99000 	C:\Windows\SYSTEM32\profapi.dll
0x00007ff8bfd30000 - 0x00007ff8bfd48000 	c:\Users\asus\.vscode\extensions\redhat.java-1.55.0-win32-x64\jre\21.0.11-win32-x86_64\bin\zip.dll
0x00007ff8cf0b0000 - 0x00007ff8cf0c0000 	C:\Users\asus\.vscode\extensions\redhat.java-1.55.0-win32-x64\jre\21.0.11-win32-x86_64\bin\net.dll
0x00007ff8dff50000 - 0x00007ff8e0079000 	C:\Windows\SYSTEM32\WINHTTP.dll
0x00007ff8e7f50000 - 0x00007ff8e7fbc000 	C:\Windows\system32\mswsock.dll
0x00007ff8bfc30000 - 0x00007ff8bfc46000 	C:\Users\asus\.vscode\extensions\redhat.java-1.55.0-win32-x64\jre\21.0.11-win32-x86_64\bin\nio.dll
0x00007ff8c8af0000 - 0x00007ff8c8b00000 	c:\Users\asus\.vscode\extensions\redhat.java-1.55.0-win32-x64\jre\21.0.11-win32-x86_64\bin\verify.dll
0x00007ff8a7d90000 - 0x00007ff8a7dd5000 	C:\Users\asus\AppData\Roaming\Code\User\globalStorage\redhat.java\1.55.0\config_win\org.eclipse.equinox.launcher\org.eclipse.equinox.launcher.win32.win32.x86_64_1.3.100.v20260613-0559\eclipse_11924.dll
0x00007ff8ea780000 - 0x00007ff8ea918000 	C:\Windows\System32\ole32.dll
0x00007ff8c84b0000 - 0x00007ff8c84ba000 	C:\Users\asus\.vscode\extensions\redhat.java-1.55.0-win32-x64\jre\21.0.11-win32-x86_64\bin\management.dll
0x00007ff8c21b0000 - 0x00007ff8c21bc000 	C:\Users\asus\.vscode\extensions\redhat.java-1.55.0-win32-x64\jre\21.0.11-win32-x86_64\bin\management_ext.dll
0x00007ff8ea380000 - 0x00007ff8ea388000 	C:\Windows\System32\PSAPI.DLL
0x00007ff8e8230000 - 0x00007ff8e824b000 	C:\Windows\SYSTEM32\CRYPTSP.dll
0x00007ff8e7940000 - 0x00007ff8e7979000 	C:\Windows\system32\rsaenh.dll
0x00007ff8e8000000 - 0x00007ff8e8033000 	C:\Windows\SYSTEM32\USERENV.dll
0x00007ff8e8b40000 - 0x00007ff8e8b6a000 	C:\Windows\SYSTEM32\bcrypt.dll
0x00007ff8e8250000 - 0x00007ff8e825c000 	C:\Windows\SYSTEM32\CRYPTBASE.dll
0x00007ff8e7410000 - 0x00007ff8e7443000 	C:\Windows\SYSTEM32\IPHLPAPI.DLL
0x00007ff8ea090000 - 0x00007ff8ea09a000 	C:\Windows\System32\NSI.dll
0x00007ff8a4610000 - 0x00007ff8a4659000 	C:\Users\asus\AppData\Local\Temp\jna-3003984\jna7865772849019743666.dll
0x00007ff8e2750000 - 0x00007ff8e276d000 	C:\Windows\SYSTEM32\dhcpcsvc6.DLL
0x00007ff8e2720000 - 0x00007ff8e2745000 	C:\Windows\SYSTEM32\dhcpcsvc.DLL
0x00007ff8bfe40000 - 0x00007ff8bfe4e000 	C:\Users\asus\.vscode\extensions\redhat.java-1.55.0-win32-x64\jre\21.0.11-win32-x86_64\bin\sunmscapi.dll
0x00007ff8e90e0000 - 0x00007ff8e9258000 	C:\Windows\System32\CRYPT32.dll
0x00007ff8e8450000 - 0x00007ff8e8480000 	C:\Windows\SYSTEM32\ncrypt.dll
0x00007ff8e8400000 - 0x00007ff8e843f000 	C:\Windows\SYSTEM32\NTASN1.dll
0x00007ff8e74b0000 - 0x00007ff8e75fa000 	C:\Windows\SYSTEM32\DNSAPI.dll
0x00007ff8e7d70000 - 0x00007ff8e7d7d000 	C:\Windows\SYSTEM32\DSPARSE.dll
0x00007ff8deb40000 - 0x00007ff8deb4b000 	C:\Windows\System32\rasadhlp.dll
0x00007ff8e2cb0000 - 0x00007ff8e2d36000 	C:\Windows\System32\fwpuclnt.dll
0x00007ff8bfc20000 - 0x00007ff8bfc29000 	C:\Users\asus\.vscode\extensions\redhat.java-1.55.0-win32-x64\jre\21.0.11-win32-x86_64\bin\extnet.dll

JVMTI agents:
c:\Users\asus\.vscode\extensions\redhat.java-1.55.0-win32-x64\lombok\lombok-1.18.39-4050.jar path:c:\Users\asus\.vscode\extensions\redhat.java-1.55.0-win32-x64\jre\21.0.11-win32-x86_64\bin\instrument.dll, loaded, initialized, instrumentlib options:none

dbghelp: loaded successfully - version: 4.0.5 - missing functions: none
symbol engine: initialized successfully - sym options: 0x614 - pdb path: .;c:\Users\asus\.vscode\extensions\redhat.java-1.55.0-win32-x64\jre\21.0.11-win32-x86_64\bin;C:\Windows\SYSTEM32;C:\Windows\WinSxS\amd64_microsoft.windows.common-controls_6595b64144ccf1df_6.0.26100.8521_none_3e08b75ce33403b3;c:\Users\asus\.vscode\extensions\redhat.java-1.55.0-win32-x64\jre\21.0.11-win32-x86_64\bin\server;C:\Users\asus\AppData\Roaming\Code\User\globalStorage\redhat.java\1.55.0\config_win\org.eclipse.equinox.launcher\org.eclipse.equinox.launcher.win32.win32.x86_64_1.3.100.v20260613-0559;C:\Users\asus\AppData\Local\Temp\jna-3003984

VM Arguments:
jvm_args: --add-modules=ALL-SYSTEM --add-opens=java.base/java.util=ALL-UNNAMED --add-opens=java.base/java.lang=ALL-UNNAMED --add-opens=java.base/sun.nio.fs=ALL-UNNAMED -Declipse.application=org.eclipse.jdt.ls.core.id1 -Dosgi.bundles.defaultStartLevel=4 -Declipse.product=org.eclipse.jdt.ls.core.product -Djava.import.generatesMetadataFilesAtProjectRoot=false -DDetectVMInstallationsJob.disabled=true -Dfile.encoding=utf8 -XX:+UseParallelGC -XX:GCTimeRatio=4 -XX:AdaptiveSizePolicyWeight=90 -Dsun.zip.disableMemoryMapping=true -Xmx2G -Xms100m -Xlog:disable -javaagent:c:\Users\asus\.vscode\extensions\redhat.java-1.55.0-win32-x64\lombok\lombok-1.18.39-4050.jar -XX:+HeapDumpOnOutOfMemoryError -XX:HeapDumpPath=c:\Users\asus\AppData\Roaming\Code\User\workspaceStorage\fdd3315e1c0dd2a9ded1ee01f02ba195\redhat.java -Daether.dependencyCollector.impl=bf 
java_command: c:\Users\asus\.vscode\extensions\redhat.java-1.55.0-win32-x64\server\plugins\org.eclipse.equinox.launcher_1.7.200.v20260619-2039.jar -configuration c:\Users\asus\AppData\Roaming\Code\User\globalStorage\redhat.java\1.55.0\config_win -data c:\Users\asus\AppData\Roaming\Code\User\workspaceStorage\fdd3315e1c0dd2a9ded1ee01f02ba195\redhat.java\jdt_ws --pipe=\\.\pipe\lsp-0eefe20b366be81c91b5c4e6440df1c4-sock
java_class_path (initial): c:\Users\asus\.vscode\extensions\redhat.java-1.55.0-win32-x64\server\plugins\org.eclipse.equinox.launcher_1.7.200.v20260619-2039.jar
Launcher Type: SUN_STANDARD

[Global flags]
    uintx AdaptiveSizePolicyWeight                 = 90                                        {product} {command line}
     intx CICompilerCount                          = 12                                        {product} {ergonomic}
    uintx GCTimeRatio                              = 4                                         {product} {command line}
     bool HeapDumpOnOutOfMemoryError               = true                                   {manageable} {command line}
    ccstr HeapDumpPath                             = c:\Users\asus\AppData\Roaming\Code\User\workspaceStorage\fdd3315e1c0dd2a9ded1ee01f02ba195\redhat.java         {manageable} {command line}
   size_t InitialHeapSize                          = 104857600                                 {product} {command line}
   size_t MaxHeapSize                              = 2147483648                                {product} {command line}
   size_t MaxNewSize                               = 715653120                                 {product} {ergonomic}
   size_t MinHeapDeltaBytes                        = 524288                                    {product} {ergonomic}
   size_t MinHeapSize                              = 104857600                                 {product} {command line}
   size_t NewSize                                  = 34603008                                  {product} {ergonomic}
    uintx NonNMethodCodeHeapSize                   = 7602480                                {pd product} {ergonomic}
    uintx NonProfiledCodeHeapSize                  = 122027880                              {pd product} {ergonomic}
   size_t OldSize                                  = 70254592                                  {product} {ergonomic}
    uintx ProfiledCodeHeapSize                     = 122027880                              {pd product} {ergonomic}
    uintx ReservedCodeCacheSize                    = 251658240                              {pd product} {ergonomic}
     bool SegmentedCodeCache                       = true                                      {product} {ergonomic}
   size_t SoftMaxHeapSize                          = 2147483648                             {manageable} {ergonomic}
     bool UseCompressedOops                        = true                           {product lp64_product} {ergonomic}
     bool UseLargePagesIndividualAllocation        = false                                  {pd product} {ergonomic}
     bool UseParallelGC                            = true                                      {product} {command line}

Logging:
Log output configuration:
 #0: stdout all=off uptime,level,tags foldmultilines=false
 #1: stderr all=off uptime,level,tags foldmultilines=false

Release file:
JAVA_VERSION="21.0.11" 
MODULES="java.base java.compiler java.datatransfer java.xml java.prefs java.desktop java.instrument java.logging java.management java.security.sasl java.naming java.rmi java.management.rmi java.net.http java.scripting java.security.jgss java.transaction.xa java.sql java.sql.rowset java.xml.crypto java.se java.smartcardio jdk.accessibility jdk.internal.jvmstat jdk.attach jdk.charsets jdk.internal.opt jdk.zipfs jdk.compiler jdk.crypto.ec jdk.crypto.cryptoki jdk.crypto.mscapi jdk.dynalink jdk.internal.ed jdk.editpad jdk.hotspot.agent jdk.httpserver jdk.internal.le jdk.internal.vm.ci jdk.internal.vm.compiler jdk.internal.vm.compiler.management jdk.jartool jdk.javadoc jdk.jcmd jdk.management jdk.management.agent jdk.jconsole jdk.jdeps jdk.jdwp.agent jdk.jdi jdk.jfr jdk.jshell jdk.jsobject jdk.jstatd jdk.localedata jdk.management.jfr jdk.naming.dns jdk.naming.rmi jdk.net jdk.nio.mapmode jdk.random jdk.sctp jdk.security.auth jdk.security.jgss jdk.unsupported jdk.unsupported.desktop jdk.xml.dom" 

Environment Variables:
JAVA_HOME=C:\Program Files\Java\jdk-25.0.2
PATH=C:\Program Files\Common Files\Oracle\Java\javapath;C:\Program Files (x86)\Common Files\Oracle\Java\java8path;C:\Program Files (x86)\Common Files\Oracle\Java\javapath;C:\ProgramData\Oracle\Java\javapath;C:\Windows\system32;C:\Windows;C:\Windows\System32\Wbem;C:\Windows\System32\WindowsPowerShell\v1.0\;C:\Windows\System32\OpenSSH\;C:\Program Files (x86)\NVIDIA Corporation\PhysX\Common;C:\Program Files\NVIDIA Corporation\NVIDIA app\NvDLISR;C:\Program Files\Java\jdk-25.0.2\bin;C:\Program Files\nodejs\;C:\xampp\php;C:\ProgramData\ComposerSetup\bin;C:\xampp\php;C:\php;C:\laragon\bin\php\php-8.3.30-Win32-vs16-x64;C:\Program Files\Git\cmd;C:\Users\asus\AppData\Local\Programs\Eclipse Adoptium\jdk-25.0.3.9-hotspot\bin;C:\Users\asus\AppData\Local\Microsoft\WindowsApps;C:\Users\asus\AppData\Local\Programs\Microsoft VS Code\bin;C:\Users\asus\AppData\Roaming\npm;C:\Users\asus\AppData\Roaming\Composer\vendor\bin
USERNAME=asus
OS=Windows_NT
PROCESSOR_IDENTIFIER=Intel64 Family 6 Model 186 Stepping 2, GenuineIntel
TMP=C:\Users\asus\AppData\Local\Temp
TEMP=C:\Users\asus\AppData\Local\Temp




Periodic native trim disabled

---------------  S Y S T E M  ---------------

OS:
 Windows 11 , 64 bit Build 26100 (10.0.26100.8521)
OS uptime: 9 days 0:25 hours
Hyper-V role detected

CPU: total 16 (initial active 16) (8 cores per cpu, 2 threads per core) family 6 model 186 stepping 2 microcode 0x5105, cx8, cmov, fxsr, ht, mmx, 3dnowpref, sse, sse2, sse3, ssse3, sse4.1, sse4.2, popcnt, lzcnt, tsc, tscinvbit, avx, avx2, aes, erms, clmul, bmi1, bmi2, adx, sha, fma, vzeroupper, clflush, clflushopt, clwb, hv, serialize, rdtscp, rdpid, fsrm, f16c, cet_ibt, cet_ss
Processor Information for processor 0
  Max Mhz: 2400, Current Mhz: 2400, Mhz Limit: 2400
Processor Information for processor 1
  Max Mhz: 2400, Current Mhz: 2400, Mhz Limit: 2400
Processor Information for processor 2
  Max Mhz: 2400, Current Mhz: 2400, Mhz Limit: 2400
Processor Information for processor 3
  Max Mhz: 2400, Current Mhz: 2400, Mhz Limit: 2400
Processor Information for processor 4
  Max Mhz: 2400, Current Mhz: 2400, Mhz Limit: 2400
Processor Information for processor 5
  Max Mhz: 2400, Current Mhz: 2400, Mhz Limit: 2400
Processor Information for processor 6
  Max Mhz: 2400, Current Mhz: 2400, Mhz Limit: 2400
Processor Information for processor 7
  Max Mhz: 2400, Current Mhz: 2400, Mhz Limit: 2400
Processor Information for processor 8
  Max Mhz: 2400, Current Mhz: 2400, Mhz Limit: 2400
Processor Information for processor 9
  Max Mhz: 2400, Current Mhz: 2400, Mhz Limit: 2400
Processor Information for processor 10
  Max Mhz: 2400, Current Mhz: 2400, Mhz Limit: 2400
Processor Information for processor 11
  Max Mhz: 2400, Current Mhz: 2400, Mhz Limit: 2400
Processor Information for processor 12
  Max Mhz: 2400, Current Mhz: 1500, Mhz Limit: 1800
Processor Information for processor 13
  Max Mhz: 2400, Current Mhz: 1500, Mhz Limit: 1800
Processor Information for processor 14
  Max Mhz: 2400, Current Mhz: 1500, Mhz Limit: 1800
Processor Information for processor 15
  Max Mhz: 2400, Current Mhz: 1500, Mhz Limit: 1800

Memory: 4k page, system-wide physical 16034M (3309M free)
TotalPageFile size 18749M (AvailPageFile size 2M)
current process WorkingSet (physical memory assigned to process): 973M, peak: 1346M
current process commit charge ("private bytes"): 1495M, peak: 1512M

vm_info: OpenJDK 64-Bit Server VM (21.0.11+10-LTS) for windows-amd64 JRE (21.0.11+10-LTS), built on 2026-04-21T00:00:00Z by "admin" with MS VC++ 17.12 (VS2022)

END.
